# Copyright 2025 SkyAPM org
#
# Licensed under the Apache License, Version 2.0 (the "License");
# you may not use this file except in compliance with the License.
# You may obtain a copy of the License at
#
# http://www.apache.org/licenses/LICENSE-2.0
#
# Unless required by applicable law or agreed to in writing, software
# distributed under the License is distributed on an "AS IS" BASIS,
# WITHOUT WARRANTIES OR CONDITIONS OF ANY KIND, either express or implied.
# See the License for the specific language governing permissions and
# limitations under the License.

serviceMetrics:
{{- contains .serviceMetrics }}
- serviceName: test-service
  predictions:
    {{- contains .predictions}}
      - name: service_percentile
        values:
          {{- contains .values}}
            - labeledValue:
                  values:
                    {{- contains .labeledValue.values}}
                      - labels:
                            {{- contains .labels}}
                                - key: p
                                  value: '50'
                                - key: p
                                  value: '90'
                                - key: p
                                  value: '99'
                            {{- end }}
                        value:
                            lowerValue: {{ notEmpty .value.lowerValue }}
                            upperValue: {{ notEmpty .value.upperValue }}
                            value: {{ notEmpty .value.value }}
                    {{- end }}
              timeBucket: '{{ notEmpty .timeBucket }}'
          {{- end }}
    {{- end }}
{{- end }}
